[www.aegmedia.co.uk/index.html]
[backblue.gif]
[fade.gif]
[index.html]
[images.squarespace-cdn.com/content/6580d99a0ece6c4572a3de2e/9bc6e9ab-68b6-4555-90ac-00f9d9888386/image0+(2)2acd.png]
[use.typekit.net/ik/EtN0uAEA_IXNC4XhGM_hcarBX5B-3-WmxdFv88MBRqMfeGMIfFHN4UJLFRbh52jhWDju52gq5Q8ywemRZQZRF29awcIDZe9kZs7bMkG0jAFu-WsoShFGZAsude80ZkoRdhXCHKoyjamTiY8Djhy8ZYmC-Ao1Oco8if37OcBDOcu8OfG0-eBa-ku]
[assets.squarespace.com/@sqs/polyfiller/1.6/legacy.js]
[assets.squarespace.com/universal/scripts-compressed/extract-css-runtime-29d764ec453a7d69ca66-min.en-US.js]
[assets.squarespace.com/@sqs/polyfiller/1.6/modern.js]
[assets.squarespace.com/universal/scripts-compressed/cldr-resource-pack-e94539391642d3b99900-min.en-US.js]
[assets.squarespace.com/universal/scripts-compressed/common-vendors-stable-5a7027cd34a39ac0a126-min.en-US.js]
[assets.squarespace.com/universal/scripts-compressed/extract-css-moment-js-vendor-6f117db4eb7fd4392375-min.en-US.js]
[assets.squarespace.com/universal/scripts-compressed/performance-4c0b9e8fb6eca6c1a294-min.en-US.js]
[static1.squarespace.com/static/versioned-site-css/6580d99a0ece6c4572a3de2e/10/5c5a519771c10ba3470d8101/6580d99a0ece6c4572a3de4f/1514/site.css]
[static1.squarespace.com/static/vta/5c5a519771c10ba3470d8101/versioned-assets/1712250249111-GP0H9WETKQK80BUL042M/static.css]
[www.aegmedia.co.uk/services.html]
[www.aegmedia.co.uk/contact.html]
[images.squarespace-cdn.com/content/v1/6580d99a0ece6c4572a3de2e/9bc6e9ab-68b6-4555-90ac-00f9d9888386/image0+(2)26f7.png]
[assets.squarespace.com/universal/scripts-compressed/common-vendors-928724fe03103d51171e-min.en-US.js]
[images.squarespace-cdn.com/content/v1/6580d99a0ece6c4572a3de2e/938512f9-2eef-4097-8a33-73a92538ce02/Untitled_Artwork+(1).png]
[www.aegmedia.co.uk/about.html]
[images.squarespace-cdn.com/content/v1/6580d99a0ece6c4572a3de2e/ac8e52ae-7b23-4c8c-b3c4-8527017360a0/IMG_6694.jpg]
[images.squarespace-cdn.com/content/v1/6580d99a0ece6c4572a3de2e/81907dbf-f67e-4fe2-8d10-e1d4750c8aaf/Untitled_Artwork+(2).png]
[www.aegmedia.co.uk/index.html]
[static1.squarespace.com/static/vta/5c5a519771c10ba3470d8101/scripts/site-bundle.31e4754f5aa3696497094ed1d16acdeb.js]
[assets.squarespace.com/universal/scripts-compressed/common-d5f0633e2f4b804ef7d5-min.en-US.js]
[assets.squarespace.com/universal/images-v6/damask/error-dark.png]
[assets.squarespace.com/universal/images-v6/damask/error-dark@2x.png]
[assets.squarespace.com/universal/images-v6/damask/play-button.png]
[assets.squarespace.com/universal/images-v6/damask/play-button@2x.png]
[assets.squarespace.com/universal/images-v6/damask/edit-aviary-light.png]
[assets.squarespace.com/universal/images-v6/damask/edit-aviary-light@2x.png]
[assets.squarespace.com/universal/images-v6/damask/edit-info-light.png]
[assets.squarespace.com/universal/images-v6/damask/edit-info-light@2x.png]
[assets.squarespace.com/universal/images-v6/damask/trash-9-light.png]
[assets.squarespace.com/universal/images-v6/damask/trash-9-light@2x.png]
[assets.squarespace.com/universal/images-v6/damask/trash-9-red.png]
[assets.squarespace.com/universal/images-v6/damask/trash-9-red@2x.png]
[assets.squarespace.com/universal/images-v6/damask/getty-16-light.png]
[assets.squarespace.com/universal/images-v6/damask/getty-32-light.png]
[assets.squarespace.com/universal/images-v6/damask/shopping-cart-16-light.png]
[assets.squarespace.com/universal/images-v6/damask/shopping-cart-32-light.png]
[assets.squarespace.com/universal/images-v6/icons/block-indicator-dark.png]
[assets.squarespace.com/universal/images-v6/icons/block-indicator-dark@2x.png]
[assets.squarespace.com/universal/images-v6/icons/opentable-icons.png]
[assets.squarespace.com/universal/images-v6/icons/icon-searchqueries-20-dark.png]
[assets.squarespace.com/universal/images-v6/icons/icon-searchqueries-20-light.png]
[assets.squarespace.com/universal/images-v6/icons/icon-video-24-light-solid.png]
[assets.squarespace.com/universal/images-v6/standard/icon_close_7_light.png]
[assets.squarespace.com/universal/images-v6/icons/icon-settings-16-light.png]
[static1.squarespace.com/static/versioned-site-css/6580d99a0ece6c4572a3de2e/10/5c5a519771c10ba3470d8101/6580d99a0ece6c4572a3de4f/1514/site.css]
[static1.squarespace.com/static/vta/5c5a519771c10ba3470d8101/versioned-assets/1712250249111-GP0H9WETKQK80BUL042M/static.css]
[images.squarespace-cdn.com/content/v1/6580d99a0ece6c4572a3de2e/ddf04ccf-a1bc-4e4f-a07c-4930ff9c7a1e/Untitled_Artwork+(1).png]
[www.aegmedia.co.uk/services.html]
[www.aegmedia.co.uk/contact.html]
[images.squarespace-cdn.com/content/v1/6580d99a0ece6c4572a3de2e/ed6b6880-b95c-45cb-8c90-92d9e874d8bd/Untitled_Artwork+(2).png]
[assets.squarespace.com/universal/scripts-compressed/extract-css-runtime-f37f8db1c58e1d634534-min.en-US.js]
[www.aegmedia.co.uk/about.html]
[assets.squarespace.com/universal/scripts-compressed/common-bce2df89407b7257227e-min.en-US.js]
